presolving:
(round 1, fast)       228 del vars, 395 del conss, 0 add conss, 7878 chg bounds, 0 chg sides, 0 chg coeffs, 0 upgd conss, 0 impls, 5894 clqs, 0 implints
(round 2, fast)       344 del vars, 564 del conss, 0 add conss, 7930 chg bounds, 98 chg sides, 0 chg coeffs, 0 upgd conss, 0 impls, 5894 clqs, 0 implints
(round 3, exhaustive) 344 del vars, 564 del conss, 0 add conss, 7930 chg bounds, 98 chg sides, 0 chg coeffs, 20024 upgd conss, 0 impls, 5894 clqs, 0 implints
(round 4, exhaustive) 344 del vars, 656 del conss, 0 add conss, 7930 chg bounds, 98 chg sides, 0 chg coeffs, 20024 upgd conss, 13768 impls, 5894 clqs, 0 implints
   (1.0s) probing: 1000/6884 (14.5%) - 0 fixings, 0 aggregations, 1252 implications, 0 bound changes
   (1.0s) probing: 1001/6884 (14.5%) - 0 fixings, 0 aggregations, 1253 implications, 0 bound changes
   (1.0s) probing aborted: 1000/1000 successive useless probings
   (1.0s) symmetry computation started: requiring (bin +, int +, cont +), (fixed: bin -, int -, cont -)
   (1.0s) symmetry computation finished: 22 generators found (max: 1500, log10 of symmetry group size: 15.60) (symcode time: 0.00)
dynamic symmetry handling statistics:
   orbitopal reduction:        2 components: 252x3, 56x16
   orbital reduction:         no components
   lexicographic reduction:    5 permutations with support sizes 504, 84, 500, 500, 504
handled 7 out of 7 symmetry components
presolving (5 rounds: 5 fast, 3 medium, 3 exhaustive):
 344 deleted vars, 656 deleted constraints, 0 added constraints, 7930 tightened bounds, 0 added holes, 98 changed sides, 0 changed coefficients
 15021 implications, 5894 cliques, 0 implied integral variables (0 bin, 0 int, 0 cont)
presolved problem has 14132 variables (6884 bin, 0 int, 7248 cont) and 20730 constraints
  13768 constraints of type <varbound>
   5894 constraints of type <setppc>
    797 constraints of type <linear>
    270 constraints of type <logicor>
      1 constraints of type <nonlinear>
Presolving Time: 1.00

 time | node  | left  |LP iter|LP it/n|mem/heur|mdpt |vars |cons |rows |cuts |sepa|confs|strbr|  dualbound   | primalbound  |  gap   | compl. 
t 4.0s|     1 |     0 |  3654 |     - |  trysol|   0 |  14k|  20k|  20k|   0 |  0 |   0 |   0 | 4.062781e+08 | 9.992732e+06 |3965.74%| unknown
  6.0s|     1 |     0 | 20049 |     - |   243M |   0 |  14k|  20k|  20k|   0 |  0 |   0 |   0 | 6.044177e+07 | 9.992732e+06 | 504.86%| unknown
  6.0s|     1 |     0 | 22117 |     - |   257M |   0 |  14k|  20k|  20k| 137 |  1 |   0 |   0 | 5.921038e+07 | 9.992732e+06 | 492.53%| unknown
  7.0s|     1 |     0 | 23123 |     - |   259M |   0 |  14k|  20k|  20k| 232 |  2 |   0 |   0 | 5.921001e+07 | 9.992732e+06 | 492.53%| unknown
  8.0s|     1 |     0 | 24515 |     - |   262M |   0 |  14k|  20k|  21k| 370 |  3 |   0 |   0 | 5.920997e+07 | 9.992732e+06 | 492.53%| unknown
  9.0s|     1 |     0 | 25563 |     - |   265M |   0 |  14k|  20k|  21k| 488 |  4 |   0 |   0 | 5.920969e+07 | 9.992732e+06 | 492.53%| unknown
 11.0s|     1 |     0 | 27260 |     - |   268M |   0 |  14k|  20k|  21k| 610 |  5 |   0 |   0 | 5.920952e+07 | 9.992732e+06 | 492.53%| unknown
 12.0s|     1 |     0 | 28648 |     - |   274M |   0 |  14k|  20k|  21k| 756 |  6 |   0 |   0 | 5.920936e+07 | 9.992732e+06 | 492.52%| unknown
 14.0s|     1 |     0 | 30262 |     - |   278M |   0 |  14k|  20k|  21k| 920 |  7 |   0 |   0 | 5.920917e+07 | 9.992732e+06 | 492.52%| unknown
 15.0s|     1 |     0 | 32205 |     - |   283M |   0 |  14k|  20k|  21k|1081 |  8 |   0 |   0 | 5.920888e+07 | 9.992732e+06 | 492.52%| unknown
 17.0s|     1 |     0 | 33998 |     - |   286M |   0 |  14k|  20k|  21k|1228 |  9 |   0 |   0 | 5.920857e+07 | 9.992732e+06 | 492.52%| unknown
 19.0s|     1 |     0 | 35589 |     - |   291M |   0 |  14k|  20k|  22k|1371 | 10 |   0 |   0 | 5.920842e+07 | 9.992732e+06 | 492.51%| unknown
 21.0s|     1 |     0 | 37105 |     - |   296M |   0 |  14k|  20k|  22k|1504 | 11 |   0 |   0 | 5.920834e+07 | 9.992732e+06 | 492.51%| unknown
L29.0s|     1 |     0 | 57245 |     - |    rens|   0 |  14k|  20k|  22k|1504 | 11 |   0 |   0 | 5.920834e+07 | 5.899294e+07 |   0.37%| unknown

SCIP Status        : solving was interrupted [gap limit reached]
Solving Time (sec) : 29.00
Solving Nodes      : 1
Primal Bound       : +5.89929362053727e+07 (2 solutions)
Dual Bound         : +5.92083352986602e+07
Gap                : 0.37 %
