presolving:
(round 1, fast)       228 del vars, 395 del conss, 0 add conss, 7878 chg bounds, 0 chg sides, 0 chg coeffs, 0 upgd conss, 0 impls, 5894 clqs, 0 implints
(round 2, fast)       344 del vars, 564 del conss, 0 add conss, 7930 chg bounds, 98 chg sides, 0 chg coeffs, 0 upgd conss, 0 impls, 5894 clqs, 0 implints
(round 3, exhaustive) 344 del vars, 564 del conss, 0 add conss, 7930 chg bounds, 98 chg sides, 0 chg coeffs, 20024 upgd conss, 0 impls, 5894 clqs, 0 implints
(round 4, exhaustive) 344 del vars, 656 del conss, 0 add conss, 7930 chg bounds, 98 chg sides, 0 chg coeffs, 20024 upgd conss, 13768 impls, 5894 clqs, 0 implints
   (1.0s) probing: 1000/6884 (14.5%) - 0 fixings, 0 aggregations, 1252 implications, 0 bound changes
   (1.0s) probing: 1001/6884 (14.5%) - 0 fixings, 0 aggregations, 1253 implications, 0 bound changes
   (1.0s) probing aborted: 1000/1000 successive useless probings
   (1.0s) symmetry computation started: requiring (bin +, int +, cont +), (fixed: bin -, int -, cont -)
   (1.0s) symmetry computation finished: 22 generators found (max: 1500, log10 of symmetry group size: 15.60) (symcode time: 0.00)
dynamic symmetry handling statistics:
   orbitopal reduction:        2 components: 252x3, 56x16
   orbital reduction:         no components
   lexicographic reduction:    5 permutations with support sizes 504, 84, 500, 500, 504
handled 7 out of 7 symmetry components
presolving (5 rounds: 5 fast, 3 medium, 3 exhaustive):
 344 deleted vars, 656 deleted constraints, 0 added constraints, 7930 tightened bounds, 0 added holes, 98 changed sides, 0 changed coefficients
 15021 implications, 5894 cliques, 0 implied integral variables (0 bin, 0 int, 0 cont)
presolved problem has 14132 variables (6884 bin, 0 int, 7248 cont) and 20730 constraints
  13768 constraints of type <varbound>
   5894 constraints of type <setppc>
    797 constraints of type <linear>
    270 constraints of type <logicor>
      1 constraints of type <nonlinear>
Presolving Time: 1.00

 time | node  | left  |LP iter|LP it/n|mem/heur|mdpt |vars |cons |rows |cuts |sepa|confs|strbr|  dualbound   | primalbound  |  gap   | compl. 
t 4.0s|     1 |     0 |  3682 |     - |  trysol|   0 |  14k|  20k|  20k|   0 |  0 |   0 |   0 | 4.062781e+08 | 8.295737e+06 |4797.43%| unknown
  6.0s|     1 |     0 | 21259 |     - |   243M |   0 |  14k|  20k|  20k|   0 |  0 |   0 |   0 | 5.714951e+07 | 8.295737e+06 | 588.90%| unknown
  6.0s|     1 |     0 | 25451 |     - |   257M |   0 |  14k|  20k|  20k| 107 |  1 |   0 |   0 | 5.252987e+07 | 8.295737e+06 | 533.22%| unknown
  7.0s|     1 |     0 | 27227 |     - |   260M |   0 |  14k|  20k|  20k| 239 |  2 |   0 |   0 | 5.186807e+07 | 8.295737e+06 | 525.24%| unknown
  8.0s|     1 |     0 | 29517 |     - |   262M |   0 |  14k|  20k|  21k| 349 |  3 |   0 |   0 | 5.149669e+07 | 8.295737e+06 | 520.76%| unknown
  8.0s|     1 |     0 | 31233 |     - |   265M |   0 |  14k|  20k|  21k| 434 |  4 |   0 |   0 | 5.148146e+07 | 8.295737e+06 | 520.58%| unknown
 10.0s|     1 |     0 | 33319 |     - |   268M |   0 |  14k|  20k|  21k| 574 |  5 |   0 |   0 | 5.146802e+07 | 8.295737e+06 | 520.42%| unknown
 11.0s|     1 |     0 | 34909 |     - |   272M |   0 |  14k|  20k|  21k| 695 |  6 |   0 |   0 | 5.146175e+07 | 8.295737e+06 | 520.34%| unknown
 13.0s|     1 |     0 | 35814 |     - |   277M |   0 |  14k|  20k|  21k| 816 |  7 |   0 |   0 | 5.145904e+07 | 8.295737e+06 | 520.31%| unknown
 14.0s|     1 |     0 | 36396 |     - |   280M |   0 |  14k|  20k|  21k| 929 |  8 |   0 |   0 | 5.145837e+07 | 8.295737e+06 | 520.30%| unknown
 15.0s|     1 |     0 | 37326 |     - |   283M |   0 |  14k|  20k|  21k| 990 |  9 |   0 |   0 | 5.145650e+07 | 8.295737e+06 | 520.28%| unknown
 16.0s|     1 |     0 | 38277 |     - |   289M |   0 |  14k|  20k|  21k|1106 | 10 |   0 |   0 | 5.145618e+07 | 8.295737e+06 | 520.27%| unknown
 18.0s|     1 |     0 | 38824 |     - |   291M |   0 |  14k|  20k|  21k|1211 | 11 |   0 |   0 | 5.145516e+07 | 8.295737e+06 | 520.26%| unknown
 19.0s|     1 |     0 | 39301 |     - |   293M |   0 |  14k|  20k|  22k|1304 | 12 |   0 |   0 | 5.145493e+07 | 8.295737e+06 | 520.26%| unknown
 20.0s|     1 |     0 | 39632 |     - |   296M |   0 |  14k|  20k|  22k|1383 | 13 |   0 |   0 | 5.145487e+07 | 8.295737e+06 | 520.26%| unknown
 time | node  | left  |LP iter|LP it/n|mem/heur|mdpt |vars |cons |rows |cuts |sepa|confs|strbr|  dualbound   | primalbound  |  gap   | compl. 
 22.0s|     1 |     0 | 40071 |     - |   299M |   0 |  14k|  20k|  22k|1457 | 14 |   0 |   0 | 5.145472e+07 | 8.295737e+06 | 520.26%| unknown
 22.0s|     1 |     0 | 40327 |     - |   302M |   0 |  14k|  20k|  22k|1509 | 15 |   0 |   0 | 5.145454e+07 | 8.295737e+06 | 520.25%| unknown
 23.0s|     1 |     0 | 40739 |     - |   305M |   0 |  14k|  20k|  21k|1599 | 16 |   0 |   0 | 5.145430e+07 | 8.295737e+06 | 520.25%| unknown
L30.0s|     1 |     0 | 58416 |     - |    rens|   0 |  14k|  20k|  21k|1599 | 16 |   0 |   0 | 5.145430e+07 | 5.129657e+07 |   0.31%| unknown

SCIP Status        : solving was interrupted [gap limit reached]
Solving Time (sec) : 30.00
Solving Nodes      : 1
Primal Bound       : +5.12965710450279e+07 (2 solutions)
Dual Bound         : +5.14543005778742e+07
Gap                : 0.31 %
