presolving:
(round 1, fast)       228 del vars, 395 del conss, 0 add conss, 7878 chg bounds, 0 chg sides, 0 chg coeffs, 0 upgd conss, 0 impls, 5894 clqs, 0 implints
(round 2, fast)       344 del vars, 564 del conss, 0 add conss, 7930 chg bounds, 98 chg sides, 0 chg coeffs, 0 upgd conss, 0 impls, 5894 clqs, 0 implints
(round 3, exhaustive) 344 del vars, 564 del conss, 0 add conss, 7930 chg bounds, 98 chg sides, 0 chg coeffs, 20024 upgd conss, 0 impls, 5894 clqs, 0 implints
(round 4, exhaustive) 344 del vars, 656 del conss, 0 add conss, 7930 chg bounds, 98 chg sides, 0 chg coeffs, 20024 upgd conss, 13768 impls, 5894 clqs, 0 implints
   (1.0s) probing: 1000/6884 (14.5%) - 0 fixings, 0 aggregations, 1252 implications, 0 bound changes
   (1.0s) probing: 1001/6884 (14.5%) - 0 fixings, 0 aggregations, 1253 implications, 0 bound changes
   (1.0s) probing aborted: 1000/1000 successive useless probings
   (1.0s) symmetry computation started: requiring (bin +, int +, cont +), (fixed: bin -, int -, cont -)
   (1.0s) symmetry computation finished: 22 generators found (max: 1500, log10 of symmetry group size: 15.60) (symcode time: 0.00)
dynamic symmetry handling statistics:
   orbitopal reduction:        2 components: 252x3, 56x16
   orbital reduction:         no components
   lexicographic reduction:    5 permutations with support sizes 504, 84, 500, 500, 504
handled 7 out of 7 symmetry components
presolving (5 rounds: 5 fast, 3 medium, 3 exhaustive):
 344 deleted vars, 656 deleted constraints, 0 added constraints, 7930 tightened bounds, 0 added holes, 98 changed sides, 0 changed coefficients
 15021 implications, 5894 cliques, 0 implied integral variables (0 bin, 0 int, 0 cont)
presolved problem has 14132 variables (6884 bin, 0 int, 7248 cont) and 20730 constraints
  13768 constraints of type <varbound>
   5894 constraints of type <setppc>
    797 constraints of type <linear>
    270 constraints of type <logicor>
      1 constraints of type <nonlinear>
Presolving Time: 1.00

 time | node  | left  |LP iter|LP it/n|mem/heur|mdpt |vars |cons |rows |cuts |sepa|confs|strbr|  dualbound   | primalbound  |  gap   | compl. 
t 4.0s|     1 |     0 |  3631 |     - |  trysol|   0 |  14k|  20k|  20k|   0 |  0 |   0 |   0 | 4.062781e+08 | 6.174494e+06 |6479.94%| unknown
  5.0s|     1 |     0 | 20680 |     - |   243M |   0 |  14k|  20k|  20k|   0 |  0 |   0 |   0 | 5.375741e+07 | 6.174494e+06 | 770.64%| unknown
  6.0s|     1 |     0 | 24151 |     - |   256M |   0 |  14k|  20k|  20k| 119 |  1 |   0 |   0 | 4.982210e+07 | 6.174494e+06 | 706.90%| unknown
  7.0s|     1 |     0 | 26478 |     - |   259M |   0 |  14k|  20k|  20k| 238 |  2 |   0 |   0 | 4.737583e+07 | 6.174494e+06 | 667.28%| unknown
  7.0s|     1 |     0 | 28789 |     - |   262M |   0 |  14k|  20k|  21k| 295 |  3 |   0 |   0 | 4.687341e+07 | 6.174494e+06 | 659.15%| unknown
  8.0s|     1 |     0 | 30298 |     - |   265M |   0 |  14k|  20k|  21k| 400 |  4 |   0 |   0 | 4.678810e+07 | 6.174494e+06 | 657.76%| unknown
  9.0s|     1 |     0 | 32366 |     - |   268M |   0 |  14k|  20k|  21k| 494 |  5 |   0 |   0 | 4.657598e+07 | 6.174494e+06 | 654.33%| unknown
 10.0s|     1 |     0 | 33987 |     - |   274M |   0 |  14k|  20k|  21k| 603 |  6 |   0 |   0 | 4.652226e+07 | 6.174494e+06 | 653.46%| unknown
 12.0s|     1 |     0 | 35911 |     - |   277M |   0 |  14k|  20k|  21k| 684 |  7 |   0 |   0 | 4.649714e+07 | 6.174494e+06 | 653.05%| unknown
 13.0s|     1 |     0 | 37151 |     - |   282M |   0 |  14k|  20k|  21k| 776 |  8 |   0 |   0 | 4.646160e+07 | 6.174494e+06 | 652.48%| unknown
 14.0s|     1 |     0 | 37982 |     - |   285M |   0 |  14k|  20k|  21k| 861 |  9 |   0 |   0 | 4.645874e+07 | 6.174494e+06 | 652.43%| unknown
 15.0s|     1 |     0 | 39915 |     - |   289M |   0 |  14k|  20k|  21k| 918 | 10 |   0 |   0 | 4.644923e+07 | 6.174494e+06 | 652.28%| unknown
 16.0s|     1 |     0 | 40986 |     - |   292M |   0 |  14k|  20k|  21k|1007 | 11 |   0 |   0 | 4.644599e+07 | 6.174494e+06 | 652.22%| unknown
 18.0s|     1 |     0 | 42288 |     - |   295M |   0 |  14k|  20k|  21k|1097 | 12 |   0 |   0 | 4.643369e+07 | 6.174494e+06 | 652.02%| unknown
 19.0s|     1 |     0 | 44152 |     - |   297M |   0 |  14k|  20k|  21k|1176 | 13 |   0 |   0 | 4.642880e+07 | 6.174494e+06 | 651.95%| unknown
 time | node  | left  |LP iter|LP it/n|mem/heur|mdpt |vars |cons |rows |cuts |sepa|confs|strbr|  dualbound   | primalbound  |  gap   | compl. 
 20.0s|     1 |     0 | 45315 |     - |   299M |   0 |  14k|  20k|  21k|1225 | 14 |   0 |   0 | 4.642562e+07 | 6.174494e+06 | 651.89%| unknown
 22.0s|     1 |     0 | 46104 |     - |   303M |   0 |  14k|  20k|  22k|1312 | 15 |   0 |   0 | 4.642352e+07 | 6.174494e+06 | 651.86%| unknown
 22.0s|     1 |     0 | 46662 |     - |   306M |   0 |  14k|  20k|  21k|1372 | 16 |   0 |   0 | 4.642170e+07 | 6.174494e+06 | 651.83%| unknown
 22.0s|     1 |     0 | 47194 |     - |   308M |   0 |  14k|  20k|  21k|1404 | 17 |   0 |   0 | 4.642041e+07 | 6.174494e+06 | 651.81%| unknown
 23.0s|     1 |     0 | 47428 |     - |   310M |   0 |  14k|  20k|  21k|1431 | 18 |   0 |   0 | 4.641967e+07 | 6.174494e+06 | 651.80%| unknown
 24.0s|     1 |     0 | 47953 |     - |   313M |   0 |  14k|  20k|  21k|1499 | 19 |   0 |   0 | 4.641798e+07 | 6.174494e+06 | 651.77%| unknown
 25.0s|     1 |     0 | 48432 |     - |   316M |   0 |  14k|  20k|  21k|1537 | 20 |   0 |   0 | 4.641392e+07 | 6.174494e+06 | 651.70%| unknown
 26.0s|     1 |     0 | 48897 |     - |   316M |   0 |  14k|  20k|  21k|1595 | 21 |   0 |   0 | 4.641376e+07 | 6.174494e+06 | 651.70%| unknown
 26.0s|     1 |     0 | 49210 |     - |   316M |   0 |  14k|  20k|  21k|1629 | 22 |   0 |   0 | 4.641360e+07 | 6.174494e+06 | 651.70%| unknown
 27.0s|     1 |     0 | 49415 |     - |   316M |   0 |  14k|  20k|  21k|1651 | 23 |   0 |   0 | 4.641323e+07 | 6.174494e+06 | 651.69%| unknown
L31.0s|     1 |     0 | 64589 |     - |    rens|   0 |  14k|  20k|  21k|1651 | 23 |   0 |   0 | 4.641323e+07 | 4.629117e+07 |   0.26%| unknown

SCIP Status        : solving was interrupted [gap limit reached]
Solving Time (sec) : 31.00
Solving Nodes      : 1
Primal Bound       : +4.62911671915976e+07 (2 solutions)
Dual Bound         : +4.64132338523321e+07
Gap                : 0.26 %
