presolving:
(round 1, fast)       228 del vars, 395 del conss, 0 add conss, 7878 chg bounds, 0 chg sides, 0 chg coeffs, 0 upgd conss, 0 impls, 5894 clqs, 0 implints
(round 2, fast)       344 del vars, 564 del conss, 0 add conss, 7930 chg bounds, 98 chg sides, 0 chg coeffs, 0 upgd conss, 0 impls, 5894 clqs, 0 implints
(round 3, exhaustive) 344 del vars, 564 del conss, 0 add conss, 7930 chg bounds, 98 chg sides, 0 chg coeffs, 20024 upgd conss, 0 impls, 5894 clqs, 0 implints
(round 4, exhaustive) 344 del vars, 656 del conss, 0 add conss, 7930 chg bounds, 98 chg sides, 0 chg coeffs, 20024 upgd conss, 13768 impls, 5894 clqs, 0 implints
   (1.0s) probing: 1000/6884 (14.5%) - 0 fixings, 0 aggregations, 1252 implications, 0 bound changes
   (1.0s) probing: 1001/6884 (14.5%) - 0 fixings, 0 aggregations, 1253 implications, 0 bound changes
   (1.0s) probing aborted: 1000/1000 successive useless probings
   (1.0s) symmetry computation started: requiring (bin +, int +, cont +), (fixed: bin -, int -, cont -)
   (1.0s) symmetry computation finished: 22 generators found (max: 1500, log10 of symmetry group size: 15.60) (symcode time: 0.00)
dynamic symmetry handling statistics:
   orbitopal reduction:        2 components: 252x3, 56x16
   orbital reduction:         no components
   lexicographic reduction:    5 permutations with support sizes 504, 84, 500, 500, 504
handled 7 out of 7 symmetry components
presolving (5 rounds: 5 fast, 3 medium, 3 exhaustive):
 344 deleted vars, 656 deleted constraints, 0 added constraints, 7930 tightened bounds, 0 added holes, 98 changed sides, 0 changed coefficients
 15021 implications, 5894 cliques, 0 implied integral variables (0 bin, 0 int, 0 cont)
presolved problem has 14132 variables (6884 bin, 0 int, 7248 cont) and 20730 constraints
  13768 constraints of type <varbound>
   5894 constraints of type <setppc>
    797 constraints of type <linear>
    270 constraints of type <logicor>
      1 constraints of type <nonlinear>
Presolving Time: 1.00

 time | node  | left  |LP iter|LP it/n|mem/heur|mdpt |vars |cons |rows |cuts |sepa|confs|strbr|  dualbound   | primalbound  |  gap   | compl. 
t 4.0s|     1 |     0 |  3679 |     - |  trysol|   0 |  14k|  20k|  20k|   0 |  0 |   0 |   0 | 4.062781e+08 | 1.020486e+07 |3881.22%| unknown
  6.0s|     1 |     0 | 20415 |     - |   243M |   0 |  14k|  20k|  20k|   0 |  0 |   0 |   0 | 6.085336e+07 | 1.020486e+07 | 496.32%| unknown
  7.0s|     1 |     0 | 22332 |     - |   256M |   0 |  14k|  20k|  20k| 124 |  1 |   0 |   0 | 6.023762e+07 | 1.020486e+07 | 490.28%| unknown
  7.0s|     1 |     0 | 23054 |     - |   259M |   0 |  14k|  20k|  21k| 280 |  2 |   0 |   0 | 6.023724e+07 | 1.020486e+07 | 490.28%| unknown
  8.0s|     1 |     0 | 24659 |     - |   262M |   0 |  14k|  20k|  21k| 343 |  3 |   0 |   0 | 6.023697e+07 | 1.020486e+07 | 490.28%| unknown
  9.0s|     1 |     0 | 26455 |     - |   265M |   0 |  14k|  20k|  21k| 473 |  4 |   0 |   0 | 6.023670e+07 | 1.020486e+07 | 490.27%| unknown
 10.0s|     1 |     0 | 27996 |     - |   268M |   0 |  14k|  20k|  21k| 623 |  5 |   0 |   0 | 6.023644e+07 | 1.020486e+07 | 490.27%| unknown
 12.0s|     1 |     0 | 30354 |     - |   273M |   0 |  14k|  20k|  21k| 771 |  6 |   0 |   0 | 6.023621e+07 | 1.020486e+07 | 490.27%| unknown
 13.0s|     1 |     0 | 32105 |     - |   277M |   0 |  14k|  20k|  21k| 931 |  7 |   0 |   0 | 6.023584e+07 | 1.020486e+07 | 490.27%| unknown
 15.0s|     1 |     0 | 33479 |     - |   284M |   0 |  14k|  20k|  21k|1095 |  8 |   0 |   0 | 6.023565e+07 | 1.020486e+07 | 490.26%| unknown
 16.0s|     1 |     0 | 34668 |     - |   287M |   0 |  14k|  20k|  21k|1257 |  9 |   0 |   0 | 6.023553e+07 | 1.020486e+07 | 490.26%| unknown
 18.0s|     1 |     0 | 35747 |     - |   291M |   0 |  14k|  20k|  22k|1394 | 10 |   0 |   0 | 6.023545e+07 | 1.020486e+07 | 490.26%| unknown
 20.0s|     1 |     0 | 37163 |     - |   294M |   0 |  14k|  20k|  22k|1526 | 11 |   0 |   0 | 6.023532e+07 | 1.020486e+07 | 490.26%| unknown
L31.0s|     1 |     0 | 59250 |     - |    rens|   0 |  14k|  20k|  22k|1526 | 11 |   0 |   0 | 6.023532e+07 | 6.007021e+07 |   0.27%| unknown

SCIP Status        : solving was interrupted [gap limit reached]
Solving Time (sec) : 31.00
Solving Nodes      : 1
Primal Bound       : +6.00702083013199e+07 (2 solutions)
Dual Bound         : +6.02353154362737e+07
Gap                : 0.27 %
