presolving:
(round 1, fast)       228 del vars, 395 del conss, 0 add conss, 7878 chg bounds, 0 chg sides, 0 chg coeffs, 0 upgd conss, 0 impls, 5894 clqs, 0 implints
(round 2, fast)       344 del vars, 564 del conss, 0 add conss, 7930 chg bounds, 98 chg sides, 0 chg coeffs, 0 upgd conss, 0 impls, 5894 clqs, 0 implints
(round 3, exhaustive) 344 del vars, 564 del conss, 0 add conss, 7930 chg bounds, 98 chg sides, 0 chg coeffs, 20024 upgd conss, 0 impls, 5894 clqs, 0 implints
(round 4, exhaustive) 344 del vars, 656 del conss, 0 add conss, 7930 chg bounds, 98 chg sides, 0 chg coeffs, 20024 upgd conss, 13768 impls, 5894 clqs, 0 implints
   (0.0s) probing: 1000/6884 (14.5%) - 0 fixings, 0 aggregations, 1252 implications, 0 bound changes
   (0.0s) probing: 1001/6884 (14.5%) - 0 fixings, 0 aggregations, 1253 implications, 0 bound changes
   (0.0s) probing aborted: 1000/1000 successive useless probings
   (0.0s) symmetry computation started: requiring (bin +, int +, cont +), (fixed: bin -, int -, cont -)
   (0.0s) symmetry computation finished: 22 generators found (max: 1500, log10 of symmetry group size: 15.60) (symcode time: 0.00)
dynamic symmetry handling statistics:
   orbitopal reduction:        2 components: 252x3, 56x16
   orbital reduction:         no components
   lexicographic reduction:    5 permutations with support sizes 504, 84, 500, 500, 504
handled 7 out of 7 symmetry components
presolving (5 rounds: 5 fast, 3 medium, 3 exhaustive):
 344 deleted vars, 656 deleted constraints, 0 added constraints, 7930 tightened bounds, 0 added holes, 98 changed sides, 0 changed coefficients
 15021 implications, 5894 cliques, 0 implied integral variables (0 bin, 0 int, 0 cont)
presolved problem has 14132 variables (6884 bin, 0 int, 7248 cont) and 20730 constraints
  13768 constraints of type <varbound>
   5894 constraints of type <setppc>
    797 constraints of type <linear>
    270 constraints of type <logicor>
      1 constraints of type <nonlinear>
Presolving Time: 0.00

 time | node  | left  |LP iter|LP it/n|mem/heur|mdpt |vars |cons |rows |cuts |sepa|confs|strbr|  dualbound   | primalbound  |  gap   | compl. 
t 3.0s|     1 |     0 |  3672 |     - |  trysol|   0 |  14k|  20k|  20k|   0 |  0 |   0 |   0 | 4.062781e+08 | 1.041104e+07 |3802.38%| unknown
  4.0s|     1 |     0 | 19201 |     - |   243M |   0 |  14k|  20k|  20k|   0 |  0 |   0 |   0 | 6.125342e+07 | 1.041104e+07 | 488.35%| unknown
  4.0s|     1 |     0 | 20136 |     - |   257M |   0 |  14k|  20k|  20k| 120 |  1 |   0 |   0 | 6.123616e+07 | 1.041104e+07 | 488.18%| unknown
  5.0s|     1 |     0 | 21016 |     - |   259M |   0 |  14k|  20k|  21k| 273 |  2 |   0 |   0 | 6.123566e+07 | 1.041104e+07 | 488.18%| unknown
  6.0s|     1 |     0 | 22591 |     - |   262M |   0 |  14k|  20k|  21k| 392 |  3 |   0 |   0 | 6.123545e+07 | 1.041104e+07 | 488.18%| unknown
  7.0s|     1 |     0 | 23784 |     - |   266M |   0 |  14k|  20k|  21k| 520 |  4 |   0 |   0 | 6.123527e+07 | 1.041104e+07 | 488.18%| unknown
  8.0s|     1 |     0 | 25438 |     - |   268M |   0 |  14k|  20k|  21k| 630 |  5 |   0 |   0 | 6.123523e+07 | 1.041104e+07 | 488.18%| unknown
  9.0s|     1 |     0 | 26960 |     - |   274M |   0 |  14k|  20k|  21k| 748 |  6 |   0 |   0 | 6.123514e+07 | 1.041104e+07 | 488.17%| unknown
 10.0s|     1 |     0 | 28165 |     - |   277M |   0 |  14k|  20k|  21k| 884 |  7 |   0 |   0 | 6.123498e+07 | 1.041104e+07 | 488.17%| unknown
 11.0s|     1 |     0 | 29433 |     - |   282M |   0 |  14k|  20k|  21k|1021 |  8 |   0 |   0 | 6.123487e+07 | 1.041104e+07 | 488.17%| unknown
 12.0s|     1 |     0 | 31122 |     - |   285M |   0 |  14k|  20k|  21k|1156 |  9 |   0 |   0 | 6.123476e+07 | 1.041104e+07 | 488.17%| unknown
 14.0s|     1 |     0 | 32779 |     - |   289M |   0 |  14k|  20k|  22k|1301 | 10 |   0 |   0 | 6.123462e+07 | 1.041104e+07 | 488.17%| unknown
 15.0s|     1 |     0 | 34339 |     - |   292M |   0 |  14k|  20k|  22k|1442 | 11 |   0 |   0 | 6.123454e+07 | 1.041104e+07 | 488.17%| unknown
L24.0s|     1 |     0 | 53500 |     - |    rens|   0 |  14k|  20k|  22k|1442 | 11 |   0 |   0 | 6.123454e+07 | 6.104944e+07 |   0.30%| unknown

SCIP Status        : solving was interrupted [gap limit reached]
Solving Time (sec) : 24.00
Solving Nodes      : 1
Primal Bound       : +6.10494397904226e+07 (2 solutions)
Dual Bound         : +6.12345393357064e+07
Gap                : 0.30 %
