presolving:
(round 1, fast)       228 del vars, 395 del conss, 0 add conss, 7878 chg bounds, 0 chg sides, 0 chg coeffs, 0 upgd conss, 0 impls, 5894 clqs, 0 implints
(round 2, fast)       344 del vars, 564 del conss, 0 add conss, 7930 chg bounds, 98 chg sides, 0 chg coeffs, 0 upgd conss, 0 impls, 5894 clqs, 0 implints
(round 3, exhaustive) 344 del vars, 564 del conss, 0 add conss, 7930 chg bounds, 98 chg sides, 0 chg coeffs, 20024 upgd conss, 0 impls, 5894 clqs, 0 implints
(round 4, exhaustive) 344 del vars, 656 del conss, 0 add conss, 7930 chg bounds, 98 chg sides, 0 chg coeffs, 20024 upgd conss, 13768 impls, 5894 clqs, 0 implints
   (1.0s) probing: 1000/6884 (14.5%) - 0 fixings, 0 aggregations, 1252 implications, 0 bound changes
   (1.0s) probing: 1001/6884 (14.5%) - 0 fixings, 0 aggregations, 1253 implications, 0 bound changes
   (1.0s) probing aborted: 1000/1000 successive useless probings
   (1.0s) symmetry computation started: requiring (bin +, int +, cont +), (fixed: bin -, int -, cont -)
   (1.0s) symmetry computation finished: 22 generators found (max: 1500, log10 of symmetry group size: 15.60) (symcode time: 0.00)
dynamic symmetry handling statistics:
   orbitopal reduction:        2 components: 252x3, 56x16
   orbital reduction:         no components
   lexicographic reduction:    5 permutations with support sizes 504, 84, 500, 500, 504
handled 7 out of 7 symmetry components
presolving (5 rounds: 5 fast, 3 medium, 3 exhaustive):
 344 deleted vars, 656 deleted constraints, 0 added constraints, 7930 tightened bounds, 0 added holes, 98 changed sides, 0 changed coefficients
 15021 implications, 5894 cliques, 0 implied integral variables (0 bin, 0 int, 0 cont)
presolved problem has 14132 variables (6884 bin, 0 int, 7248 cont) and 20730 constraints
  13768 constraints of type <varbound>
   5894 constraints of type <setppc>
    797 constraints of type <linear>
    270 constraints of type <logicor>
      1 constraints of type <nonlinear>
Presolving Time: 1.00

 time | node  | left  |LP iter|LP it/n|mem/heur|mdpt |vars |cons |rows |cuts |sepa|confs|strbr|  dualbound   | primalbound  |  gap   | compl. 
t 4.0s|     1 |     0 |  3653 |     - |  trysol|   0 |  14k|  20k|  20k|   0 |  0 |   0 |   0 | 4.062781e+08 | 1.041274e+07 |3801.74%| unknown
  6.0s|     1 |     0 | 19330 |     - |   243M |   0 |  14k|  20k|  20k|   0 |  0 |   0 |   0 | 6.125671e+07 | 1.041274e+07 | 488.29%| unknown
  7.0s|     1 |     0 | 20691 |     - |   257M |   0 |  14k|  20k|  20k| 139 |  1 |   0 |   0 | 6.124438e+07 | 1.041274e+07 | 488.17%| unknown
  8.0s|     1 |     0 | 21788 |     - |   262M |   0 |  14k|  20k|  21k| 286 |  2 |   0 |   0 | 6.124399e+07 | 1.041274e+07 | 488.16%| unknown
  9.0s|     1 |     0 | 23945 |     - |   265M |   0 |  14k|  20k|  21k| 418 |  3 |   0 |   0 | 6.124390e+07 | 1.041274e+07 | 488.16%| unknown
 11.0s|     1 |     0 | 25635 |     - |   267M |   0 |  14k|  20k|  21k| 549 |  4 |   0 |   0 | 6.124347e+07 | 1.041274e+07 | 488.16%| unknown
 12.0s|     1 |     0 | 27237 |     - |   271M |   0 |  14k|  20k|  21k| 695 |  5 |   0 |   0 | 6.124334e+07 | 1.041274e+07 | 488.16%| unknown
 14.0s|     1 |     0 | 28794 |     - |   277M |   0 |  14k|  20k|  21k| 861 |  6 |   0 |   0 | 6.124325e+07 | 1.041274e+07 | 488.16%| unknown
 15.0s|     1 |     0 | 30283 |     - |   280M |   0 |  14k|  20k|  21k|1011 |  7 |   0 |   0 | 6.124309e+07 | 1.041274e+07 | 488.16%| unknown
 16.0s|     1 |     0 | 31676 |     - |   284M |   0 |  14k|  20k|  21k|1160 |  8 |   0 |   0 | 6.124293e+07 | 1.041274e+07 | 488.15%| unknown
 17.0s|     1 |     0 | 33576 |     - |   290M |   0 |  14k|  20k|  22k|1309 |  9 |   0 |   0 | 6.124276e+07 | 1.041274e+07 | 488.15%| unknown
 18.0s|     1 |     0 | 34959 |     - |   294M |   0 |  14k|  20k|  22k|1452 | 10 |   0 |   0 | 6.124260e+07 | 1.041274e+07 | 488.15%| unknown
 19.0s|     1 |     0 | 36035 |     - |   298M |   0 |  14k|  20k|  22k|1587 | 11 |   0 |   0 | 6.124245e+07 | 1.041274e+07 | 488.15%| unknown
L28.0s|     1 |     0 | 57620 |     - |    rens|   0 |  14k|  20k|  22k|1587 | 11 |   0 |   0 | 6.124245e+07 | 6.103637e+07 |   0.34%| unknown

SCIP Status        : solving was interrupted [gap limit reached]
Solving Time (sec) : 28.00
Solving Nodes      : 1
Primal Bound       : +6.10363659216690e+07 (2 solutions)
Dual Bound         : +6.12424452001727e+07
Gap                : 0.34 %
