presolving:
(round 1, fast)       228 del vars, 395 del conss, 0 add conss, 7878 chg bounds, 0 chg sides, 0 chg coeffs, 0 upgd conss, 0 impls, 5894 clqs, 0 implints
(round 2, fast)       344 del vars, 564 del conss, 0 add conss, 7930 chg bounds, 98 chg sides, 0 chg coeffs, 0 upgd conss, 0 impls, 5894 clqs, 0 implints
(round 3, exhaustive) 344 del vars, 564 del conss, 0 add conss, 7930 chg bounds, 98 chg sides, 0 chg coeffs, 20024 upgd conss, 0 impls, 5894 clqs, 0 implints
(round 4, exhaustive) 344 del vars, 656 del conss, 0 add conss, 7930 chg bounds, 98 chg sides, 0 chg coeffs, 20024 upgd conss, 13768 impls, 5894 clqs, 0 implints
   (0.0s) probing: 1000/6884 (14.5%) - 0 fixings, 0 aggregations, 1252 implications, 0 bound changes
   (0.0s) probing: 1001/6884 (14.5%) - 0 fixings, 0 aggregations, 1253 implications, 0 bound changes
   (0.0s) probing aborted: 1000/1000 successive useless probings
   (0.0s) symmetry computation started: requiring (bin +, int +, cont +), (fixed: bin -, int -, cont -)
   (0.0s) symmetry computation finished: 22 generators found (max: 1500, log10 of symmetry group size: 15.60) (symcode time: 0.00)
dynamic symmetry handling statistics:
   orbitopal reduction:        2 components: 252x3, 56x16
   orbital reduction:         no components
   lexicographic reduction:    5 permutations with support sizes 504, 84, 500, 500, 504
handled 7 out of 7 symmetry components
presolving (5 rounds: 5 fast, 3 medium, 3 exhaustive):
 344 deleted vars, 656 deleted constraints, 0 added constraints, 7930 tightened bounds, 0 added holes, 98 changed sides, 0 changed coefficients
 15021 implications, 5894 cliques, 0 implied integral variables (0 bin, 0 int, 0 cont)
presolved problem has 14132 variables (6884 bin, 0 int, 7248 cont) and 20730 constraints
  13768 constraints of type <varbound>
   5894 constraints of type <setppc>
    797 constraints of type <linear>
    270 constraints of type <logicor>
      1 constraints of type <nonlinear>
Presolving Time: 1.00

 time | node  | left  |LP iter|LP it/n|mem/heur|mdpt |vars |cons |rows |cuts |sepa|confs|strbr|  dualbound   | primalbound  |  gap   | compl. 
t 3.0s|     1 |     0 |  3653 |     - |  trysol|   0 |  14k|  20k|  20k|   0 |  0 |   0 |   0 | 4.062781e+08 | 1.041401e+07 |3801.26%| unknown
  4.0s|     1 |     0 | 19736 |     - |   243M |   0 |  14k|  20k|  20k|   0 |  0 |   0 |   0 | 6.125918e+07 | 1.041401e+07 | 488.24%| unknown
  5.0s|     1 |     0 | 20926 |     - |   257M |   0 |  14k|  20k|  20k| 132 |  1 |   0 |   0 | 6.125054e+07 | 1.041401e+07 | 488.16%| unknown
  5.0s|     1 |     0 | 21645 |     - |   259M |   0 |  14k|  20k|  20k| 211 |  2 |   0 |   0 | 6.125029e+07 | 1.041401e+07 | 488.15%| unknown
  6.0s|     1 |     0 | 22844 |     - |   262M |   0 |  14k|  20k|  21k| 344 |  3 |   0 |   0 | 6.125022e+07 | 1.041401e+07 | 488.15%| unknown
  7.0s|     1 |     0 | 24399 |     - |   265M |   0 |  14k|  20k|  21k| 454 |  4 |   0 |   0 | 6.124984e+07 | 1.041401e+07 | 488.15%| unknown
  8.0s|     1 |     0 | 25500 |     - |   268M |   0 |  14k|  20k|  21k| 581 |  5 |   0 |   0 | 6.124955e+07 | 1.041401e+07 | 488.15%| unknown
  8.0s|     1 |     0 | 26943 |     - |   272M |   0 |  14k|  20k|  21k| 698 |  6 |   0 |   0 | 6.124918e+07 | 1.041401e+07 | 488.14%| unknown
  9.0s|     1 |     0 | 28226 |     - |   276M |   0 |  14k|  20k|  21k| 824 |  7 |   0 |   0 | 6.124883e+07 | 1.041401e+07 | 488.14%| unknown
 10.0s|     1 |     0 | 29702 |     - |   278M |   0 |  14k|  20k|  21k| 937 |  8 |   0 |   0 | 6.124845e+07 | 1.041401e+07 | 488.14%| unknown
 11.0s|     1 |     0 | 30909 |     - |   283M |   0 |  14k|  20k|  21k|1037 |  9 |   0 |   0 | 6.124813e+07 | 1.041401e+07 | 488.13%| unknown
 12.0s|     1 |     0 | 31767 |     - |   286M |   0 |  14k|  20k|  21k|1105 | 10 |   0 |   0 | 6.124801e+07 | 1.041401e+07 | 488.13%| unknown
 12.0s|     1 |     0 | 32977 |     - |   289M |   0 |  14k|  20k|  21k|1202 | 11 |   0 |   0 | 6.124788e+07 | 1.041401e+07 | 488.13%| unknown
L19.0s|     1 |     0 | 53066 |     - |    rens|   0 |  14k|  20k|  21k|1202 | 11 |   0 |   0 | 6.124788e+07 | 6.106933e+07 |   0.29%| unknown

SCIP Status        : solving was interrupted [gap limit reached]
Solving Time (sec) : 19.00
Solving Nodes      : 1
Primal Bound       : +6.10693299746112e+07 (2 solutions)
Dual Bound         : +6.12478792648926e+07
Gap                : 0.29 %
