presolving:
(round 1, fast)       228 del vars, 395 del conss, 0 add conss, 7878 chg bounds, 0 chg sides, 0 chg coeffs, 0 upgd conss, 0 impls, 5894 clqs, 0 implints
(round 2, fast)       344 del vars, 564 del conss, 0 add conss, 7930 chg bounds, 98 chg sides, 0 chg coeffs, 0 upgd conss, 0 impls, 5894 clqs, 0 implints
(round 3, exhaustive) 344 del vars, 564 del conss, 0 add conss, 7930 chg bounds, 98 chg sides, 0 chg coeffs, 20024 upgd conss, 0 impls, 5894 clqs, 0 implints
(round 4, exhaustive) 344 del vars, 656 del conss, 0 add conss, 7930 chg bounds, 98 chg sides, 0 chg coeffs, 20024 upgd conss, 13768 impls, 5894 clqs, 0 implints
   (1.0s) probing: 1000/6884 (14.5%) - 0 fixings, 0 aggregations, 1252 implications, 0 bound changes
   (1.0s) probing: 1001/6884 (14.5%) - 0 fixings, 0 aggregations, 1253 implications, 0 bound changes
   (1.0s) probing aborted: 1000/1000 successive useless probings
   (1.0s) symmetry computation started: requiring (bin +, int +, cont +), (fixed: bin -, int -, cont -)
   (1.0s) symmetry computation finished: 22 generators found (max: 1500, log10 of symmetry group size: 15.60) (symcode time: 0.00)
dynamic symmetry handling statistics:
   orbitopal reduction:        2 components: 252x3, 56x16
   orbital reduction:         no components
   lexicographic reduction:    5 permutations with support sizes 504, 84, 500, 500, 504
handled 7 out of 7 symmetry components
presolving (5 rounds: 5 fast, 3 medium, 3 exhaustive):
 344 deleted vars, 656 deleted constraints, 0 added constraints, 7930 tightened bounds, 0 added holes, 98 changed sides, 0 changed coefficients
 15021 implications, 5894 cliques, 0 implied integral variables (0 bin, 0 int, 0 cont)
presolved problem has 14132 variables (6884 bin, 0 int, 7248 cont) and 20730 constraints
  13768 constraints of type <varbound>
   5894 constraints of type <setppc>
    797 constraints of type <linear>
    270 constraints of type <logicor>
      1 constraints of type <nonlinear>
Presolving Time: 1.00

 time | node  | left  |LP iter|LP it/n|mem/heur|mdpt |vars |cons |rows |cuts |sepa|confs|strbr|  dualbound   | primalbound  |  gap   | compl. 
t 4.0s|     1 |     0 |  3671 |     - |  trysol|   0 |  14k|  20k|  20k|   0 |  0 |   0 |   0 | 4.062781e+08 | 1.041189e+07 |3802.06%| unknown
  6.0s|     1 |     0 | 19483 |     - |   243M |   0 |  14k|  20k|  20k|   0 |  0 |   0 |   0 | 6.125507e+07 | 1.041189e+07 | 488.32%| unknown
  7.0s|     1 |     0 | 21217 |     - |   256M |   0 |  14k|  20k|  20k| 128 |  1 |   0 |   0 | 6.124027e+07 | 1.041189e+07 | 488.18%| unknown
  8.0s|     1 |     0 | 22057 |     - |   259M |   0 |  14k|  20k|  21k| 281 |  2 |   0 |   0 | 6.123989e+07 | 1.041189e+07 | 488.17%| unknown
  9.0s|     1 |     0 | 23141 |     - |   263M |   0 |  14k|  20k|  21k| 388 |  3 |   0 |   0 | 6.123972e+07 | 1.041189e+07 | 488.17%| unknown
  9.0s|     1 |     0 | 24058 |     - |   265M |   0 |  14k|  20k|  21k| 511 |  4 |   0 |   0 | 6.123944e+07 | 1.041189e+07 | 488.17%| unknown
 10.0s|     1 |     0 | 25258 |     - |   268M |   0 |  14k|  20k|  21k| 634 |  5 |   0 |   0 | 6.123925e+07 | 1.041189e+07 | 488.17%| unknown
 11.0s|     1 |     0 | 26094 |     - |   272M |   0 |  14k|  20k|  21k| 713 |  6 |   0 |   0 | 6.123911e+07 | 1.041189e+07 | 488.17%| unknown
 12.0s|     1 |     0 | 27221 |     - |   277M |   0 |  14k|  20k|  21k| 810 |  7 |   0 |   0 | 6.123897e+07 | 1.041189e+07 | 488.16%| unknown
 14.0s|     1 |     0 | 29365 |     - |   281M |   0 |  14k|  20k|  21k| 927 |  8 |   0 |   0 | 6.123883e+07 | 1.041189e+07 | 488.16%| unknown
 15.0s|     1 |     0 | 31377 |     - |   284M |   0 |  14k|  20k|  21k|1062 |  9 |   0 |   0 | 6.123862e+07 | 1.041189e+07 | 488.16%| unknown
 16.0s|     1 |     0 | 32709 |     - |   289M |   0 |  14k|  20k|  21k|1201 | 10 |   0 |   0 | 6.123837e+07 | 1.041189e+07 | 488.16%| unknown
 18.0s|     1 |     0 | 34357 |     - |   292M |   0 |  14k|  20k|  22k|1325 | 11 |   0 |   0 | 6.123829e+07 | 1.041189e+07 | 488.16%| unknown
 18.0s|     1 |     0 | 35242 |     - |   295M |   0 |  14k|  20k|  22k|1416 | 12 |   0 |   0 | 6.123819e+07 | 1.041189e+07 | 488.16%| unknown
L29.0s|     1 |     0 | 58914 |     - |    rens|   0 |  14k|  20k|  22k|1416 | 12 |   0 |   0 | 6.123819e+07 | 6.110027e+07 |   0.23%| unknown

SCIP Status        : solving was interrupted [gap limit reached]
Solving Time (sec) : 29.00
Solving Nodes      : 1
Primal Bound       : +6.11002712486292e+07 (2 solutions)
Dual Bound         : +6.12381889883373e+07
Gap                : 0.23 %
