presolving:
(round 1, fast)       228 del vars, 395 del conss, 0 add conss, 7878 chg bounds, 0 chg sides, 0 chg coeffs, 0 upgd conss, 0 impls, 5894 clqs, 0 implints
(round 2, fast)       344 del vars, 564 del conss, 0 add conss, 7930 chg bounds, 98 chg sides, 0 chg coeffs, 0 upgd conss, 0 impls, 5894 clqs, 0 implints
(round 3, exhaustive) 344 del vars, 564 del conss, 0 add conss, 7930 chg bounds, 98 chg sides, 0 chg coeffs, 20024 upgd conss, 0 impls, 5894 clqs, 0 implints
(round 4, exhaustive) 344 del vars, 656 del conss, 0 add conss, 7930 chg bounds, 98 chg sides, 0 chg coeffs, 20024 upgd conss, 13768 impls, 5894 clqs, 0 implints
   (0.0s) probing: 1000/6884 (14.5%) - 0 fixings, 0 aggregations, 1252 implications, 0 bound changes
   (0.0s) probing: 1001/6884 (14.5%) - 0 fixings, 0 aggregations, 1253 implications, 0 bound changes
   (0.0s) probing aborted: 1000/1000 successive useless probings
   (0.0s) symmetry computation started: requiring (bin +, int +, cont +), (fixed: bin -, int -, cont -)
   (0.0s) symmetry computation finished: 22 generators found (max: 1500, log10 of symmetry group size: 15.60) (symcode time: 0.00)
dynamic symmetry handling statistics:
   orbitopal reduction:        2 components: 252x3, 56x16
   orbital reduction:         no components
   lexicographic reduction:    5 permutations with support sizes 504, 84, 500, 500, 504
handled 7 out of 7 symmetry components
presolving (5 rounds: 5 fast, 3 medium, 3 exhaustive):
 344 deleted vars, 656 deleted constraints, 0 added constraints, 7930 tightened bounds, 0 added holes, 98 changed sides, 0 changed coefficients
 15021 implications, 5894 cliques, 0 implied integral variables (0 bin, 0 int, 0 cont)
presolved problem has 14132 variables (6884 bin, 0 int, 7248 cont) and 20730 constraints
  13768 constraints of type <varbound>
   5894 constraints of type <setppc>
    797 constraints of type <linear>
    270 constraints of type <logicor>
      1 constraints of type <nonlinear>
Presolving Time: 0.00

 time | node  | left  |LP iter|LP it/n|mem/heur|mdpt |vars |cons |rows |cuts |sepa|confs|strbr|  dualbound   | primalbound  |  gap   | compl. 
t 3.0s|     1 |     0 |  3692 |     - |  trysol|   0 |  14k|  20k|  20k|   0 |  0 |   0 |   0 | 4.062781e+08 | 1.041359e+07 |3801.42%| unknown
  5.0s|     1 |     0 | 19948 |     - |   243M |   0 |  14k|  20k|  20k|   0 |  0 |   0 |   0 | 6.125836e+07 | 1.041359e+07 | 488.25%| unknown
  5.0s|     1 |     0 | 21010 |     - |   257M |   0 |  14k|  20k|  20k| 140 |  1 |   0 |   0 | 6.124849e+07 | 1.041359e+07 | 488.16%| unknown
  6.0s|     1 |     0 | 21620 |     - |   259M |   0 |  14k|  20k|  21k| 275 |  2 |   0 |   0 | 6.124805e+07 | 1.041359e+07 | 488.16%| unknown
  6.0s|     1 |     0 | 22770 |     - |   262M |   0 |  14k|  20k|  21k| 333 |  3 |   0 |   0 | 6.124803e+07 | 1.041359e+07 | 488.15%| unknown
  7.0s|     1 |     0 | 23642 |     - |   265M |   0 |  14k|  20k|  21k| 452 |  4 |   0 |   0 | 6.124767e+07 | 1.041359e+07 | 488.15%| unknown
  8.0s|     1 |     0 | 24978 |     - |   268M |   0 |  14k|  20k|  21k| 568 |  5 |   0 |   0 | 6.124730e+07 | 1.041359e+07 | 488.15%| unknown
  9.0s|     1 |     0 | 25849 |     - |   270M |   0 |  14k|  20k|  21k| 638 |  6 |   0 |   0 | 6.124696e+07 | 1.041359e+07 | 488.14%| unknown
  9.0s|     1 |     0 | 26814 |     - |   277M |   0 |  14k|  20k|  21k| 755 |  7 |   0 |   0 | 6.124656e+07 | 1.041359e+07 | 488.14%| unknown
 10.0s|     1 |     0 | 27986 |     - |   280M |   0 |  14k|  20k|  21k| 851 |  8 |   0 |   0 | 6.124628e+07 | 1.041359e+07 | 488.14%| unknown
 12.0s|     1 |     0 | 29387 |     - |   284M |   0 |  14k|  20k|  21k| 962 |  9 |   0 |   0 | 6.124610e+07 | 1.041359e+07 | 488.14%| unknown
 13.0s|     1 |     0 | 30782 |     - |   288M |   0 |  14k|  20k|  21k|1049 | 10 |   0 |   0 | 6.124589e+07 | 1.041359e+07 | 488.13%| unknown
 14.0s|     1 |     0 | 32365 |     - |   291M |   0 |  14k|  20k|  21k|1136 | 11 |   0 |   0 | 6.124580e+07 | 1.041359e+07 | 488.13%| unknown
L23.0s|     1 |     0 | 53516 |     - |    rens|   0 |  14k|  20k|  21k|1136 | 11 |   0 |   0 | 6.124580e+07 | 6.100979e+07 |   0.39%| unknown

SCIP Status        : solving was interrupted [gap limit reached]
Solving Time (sec) : 23.00
Solving Nodes      : 1
Primal Bound       : +6.10097867008184e+07 (2 solutions)
Dual Bound         : +6.12458014901092e+07
Gap                : 0.39 %
