presolving:
(round 1, fast)       269 del vars, 436 del conss, 0 add conss, 7878 chg bounds, 0 chg sides, 0 chg coeffs, 0 upgd conss, 0 impls, 5894 clqs, 0 implints
(round 2, fast)       385 del vars, 605 del conss, 0 add conss, 7929 chg bounds, 98 chg sides, 0 chg coeffs, 0 upgd conss, 0 impls, 5894 clqs, 0 implints
(round 3, exhaustive) 385 del vars, 605 del conss, 0 add conss, 7929 chg bounds, 98 chg sides, 0 chg coeffs, 20024 upgd conss, 0 impls, 5894 clqs, 0 implints
(round 4, exhaustive) 385 del vars, 697 del conss, 0 add conss, 7929 chg bounds, 98 chg sides, 0 chg coeffs, 20024 upgd conss, 13768 impls, 5894 clqs, 0 implints
   (1.0s) probing: 1000/6884 (14.5%) - 0 fixings, 0 aggregations, 1252 implications, 0 bound changes
   (1.0s) probing: 1001/6884 (14.5%) - 0 fixings, 0 aggregations, 1253 implications, 0 bound changes
   (1.0s) probing aborted: 1000/1000 successive useless probings
   (1.0s) symmetry computation started: requiring (bin +, int +, cont +), (fixed: bin -, int -, cont -)
   (1.0s) symmetry computation finished: 22 generators found (max: 1500, log10 of symmetry group size: 15.60) (symcode time: 0.00)
dynamic symmetry handling statistics:
   orbitopal reduction:        2 components: 252x3, 56x16
   orbital reduction:         no components
   lexicographic reduction:    5 permutations with support sizes 504, 84, 500, 500, 504
handled 7 out of 7 symmetry components
presolving (5 rounds: 5 fast, 3 medium, 3 exhaustive):
 1617 deleted vars, 2625 deleted constraints, 0 added constraints, 7929 tightened bounds, 0 added holes, 98 changed sides, 0 changed coefficients
 15021 implications, 5366 cliques, 0 implied integral variables (0 bin, 0 int, 0 cont)
presolved problem has 12858 variables (6268 bin, 0 int, 6590 cont) and 18760 constraints
  12536 constraints of type <varbound>
   5366 constraints of type <setppc>
    588 constraints of type <linear>
    270 constraints of type <logicor>
Presolving Time: 1.00

 time | node  | left  |LP iter|LP it/n|mem/heur|mdpt |vars |cons |rows |cuts |sepa|confs|strbr|  dualbound   | primalbound  |  gap   | compl. 
p 1.0s|     1 |     0 |  2890 |     - |  clique|   0 |  12k|  18k|  18k|   0 |  0 |   0 |   0 | 3.909371e+08 | 5.076830e+07 | 670.04%| unknown
p 1.0s|     1 |     0 |  8019 |     - | vbounds|   0 |  12k|  18k|  18k|   0 |  0 |   0 |   0 | 3.909371e+08 | 5.099195e+07 | 666.66%| unknown
  2.0s|     1 |     0 | 23567 |     - |   236M |   0 |  12k|  18k|  18k|   0 |  0 |   0 |   0 | 6.126494e+07 | 5.099195e+07 |  20.15%| unknown
  3.0s|     1 |     0 | 25532 |     - |   245M |   0 |  12k|  18k|  18k| 121 |  1 |   0 |   0 | 6.126493e+07 | 5.099195e+07 |  20.15%| unknown
  3.0s|     1 |     0 | 26849 |     - |   250M |   0 |  12k|  18k|  19k| 268 |  2 |   0 |   0 | 6.126466e+07 | 5.099195e+07 |  20.15%| unknown
  4.0s|     1 |     0 | 28239 |     - |   253M |   0 |  12k|  18k|  19k| 384 |  3 |   0 |   0 | 6.126445e+07 | 5.099195e+07 |  20.15%| unknown
  4.0s|     1 |     0 | 29462 |     - |   256M |   0 |  12k|  18k|  19k| 499 |  4 |   0 |   0 | 6.126419e+07 | 5.099195e+07 |  20.14%| unknown
  5.0s|     1 |     0 | 30742 |     - |   261M |   0 |  12k|  18k|  19k| 628 |  5 |   0 |   0 | 6.126391e+07 | 5.099195e+07 |  20.14%| unknown
  5.0s|     1 |     0 | 31953 |     - |   264M |   0 |  12k|  18k|  19k| 742 |  6 |   0 |   0 | 6.126369e+07 | 5.099195e+07 |  20.14%| unknown
  6.0s|     1 |     0 | 33049 |     - |   267M |   0 |  12k|  18k|  19k| 853 |  7 |   0 |   0 | 6.126341e+07 | 5.099195e+07 |  20.14%| unknown
  7.0s|     1 |     0 | 34256 |     - |   271M |   0 |  12k|  18k|  19k| 957 |  8 |   0 |   0 | 6.126322e+07 | 5.099195e+07 |  20.14%| unknown
  8.0s|     1 |     0 | 35575 |     - |   276M |   0 |  12k|  18k|  19k|1066 |  9 |   0 |   0 | 6.126300e+07 | 5.099195e+07 |  20.14%| unknown
  8.0s|     1 |     0 | 37358 |     - |   281M |   0 |  12k|  18k|  19k|1170 | 10 |   0 |   0 | 6.126288e+07 | 5.099195e+07 |  20.14%| unknown
  9.0s|     1 |     0 | 38838 |     - |   284M |   0 |  12k|  18k|  20k|1291 | 11 |   0 |   0 | 6.126271e+07 | 5.099195e+07 |  20.14%| unknown
  9.0s|     1 |     0 | 39939 |     - |   287M |   0 |  12k|  18k|  20k|1413 | 12 |   0 |   0 | 6.126267e+07 | 5.099195e+07 |  20.14%| unknown
 time | node  | left  |LP iter|LP it/n|mem/heur|mdpt |vars |cons |rows |cuts |sepa|confs|strbr|  dualbound   | primalbound  |  gap   | compl. 
o12.0s|     1 |     0 | 62449 |     - |feaspump|   0 |  12k|  18k|  20k|1413 | 12 |   0 |   0 | 6.126267e+07 | 6.006147e+07 |   2.00%| unknown
L14.0s|     1 |     0 | 62449 |     - |    rens|   0 |  12k|  18k|  20k|1413 | 12 |   0 |   0 | 6.126267e+07 | 6.100917e+07 |   0.42%| unknown

SCIP Status        : solving was interrupted [gap limit reached]
Solving Time (sec) : 14.00
Solving Nodes      : 1
Primal Bound       : +6.10091691447553e+07 (4 solutions)
Dual Bound         : +6.12626662259828e+07
Gap                : 0.42 %
