presolving:
(round 1, fast)       228 del vars, 395 del conss, 0 add conss, 7878 chg bounds, 0 chg sides, 0 chg coeffs, 0 upgd conss, 0 impls, 5894 clqs, 0 implints
(round 2, fast)       344 del vars, 564 del conss, 0 add conss, 7930 chg bounds, 98 chg sides, 0 chg coeffs, 0 upgd conss, 0 impls, 5894 clqs, 0 implints
(round 3, exhaustive) 344 del vars, 564 del conss, 0 add conss, 7930 chg bounds, 98 chg sides, 0 chg coeffs, 20024 upgd conss, 0 impls, 5894 clqs, 0 implints
(round 4, exhaustive) 344 del vars, 656 del conss, 0 add conss, 7930 chg bounds, 98 chg sides, 0 chg coeffs, 20024 upgd conss, 13768 impls, 5894 clqs, 0 implints
   (0.0s) probing: 1000/6884 (14.5%) - 0 fixings, 0 aggregations, 1252 implications, 0 bound changes
   (0.0s) probing: 1001/6884 (14.5%) - 0 fixings, 0 aggregations, 1253 implications, 0 bound changes
   (0.0s) probing aborted: 1000/1000 successive useless probings
   (0.0s) symmetry computation started: requiring (bin +, int +, cont +), (fixed: bin -, int -, cont -)
   (0.0s) symmetry computation finished: 22 generators found (max: 1500, log10 of symmetry group size: 15.60) (symcode time: 0.00)
dynamic symmetry handling statistics:
   orbitopal reduction:        2 components: 252x3, 56x16
   orbital reduction:         no components
   lexicographic reduction:    5 permutations with support sizes 504, 84, 500, 500, 504
handled 7 out of 7 symmetry components
presolving (5 rounds: 5 fast, 3 medium, 3 exhaustive):
 344 deleted vars, 656 deleted constraints, 0 added constraints, 7930 tightened bounds, 0 added holes, 98 changed sides, 0 changed coefficients
 15021 implications, 5894 cliques, 0 implied integral variables (0 bin, 0 int, 0 cont)
presolved problem has 14132 variables (6884 bin, 0 int, 7248 cont) and 20730 constraints
  13768 constraints of type <varbound>
   5894 constraints of type <setppc>
    797 constraints of type <linear>
    270 constraints of type <logicor>
      1 constraints of type <nonlinear>
Presolving Time: 0.00

 time | node  | left  |LP iter|LP it/n|mem/heur|mdpt |vars |cons |rows |cuts |sepa|confs|strbr|  dualbound   | primalbound  |  gap   | compl. 
t 3.0s|     1 |     0 |  3680 |     - |  trysol|   0 |  14k|  20k|  20k|   0 |  0 |   0 |   0 | 4.062781e+08 | 1.041656e+07 |3800.31%| unknown
  4.0s|     1 |     0 | 19319 |     - |   243M |   0 |  14k|  20k|  20k|   0 |  0 |   0 |   0 | 6.126412e+07 | 1.041656e+07 | 488.14%| unknown
  5.0s|     1 |     0 | 20480 |     - |   257M |   0 |  14k|  20k|  20k| 135 |  1 |   0 |   0 | 6.126287e+07 | 1.041656e+07 | 488.13%| unknown
  5.0s|     1 |     0 | 21005 |     - |   259M |   0 |  14k|  20k|  20k| 229 |  2 |   0 |   0 | 6.126250e+07 | 1.041656e+07 | 488.13%| unknown
  6.0s|     1 |     0 | 22407 |     - |   262M |   0 |  14k|  20k|  21k| 358 |  3 |   0 |   0 | 6.126235e+07 | 1.041656e+07 | 488.12%| unknown
  7.0s|     1 |     0 | 24097 |     - |   265M |   0 |  14k|  20k|  21k| 482 |  4 |   0 |   0 | 6.126196e+07 | 1.041656e+07 | 488.12%| unknown
  8.0s|     1 |     0 | 25330 |     - |   268M |   0 |  14k|  20k|  21k| 635 |  5 |   0 |   0 | 6.126165e+07 | 1.041656e+07 | 488.12%| unknown
  9.0s|     1 |     0 | 26674 |     - |   274M |   0 |  14k|  20k|  21k| 797 |  6 |   0 |   0 | 6.126125e+07 | 1.041656e+07 | 488.11%| unknown
 10.0s|     1 |     0 | 28070 |     - |   277M |   0 |  14k|  20k|  21k| 955 |  7 |   0 |   0 | 6.126092e+07 | 1.041656e+07 | 488.11%| unknown
 11.0s|     1 |     0 | 29241 |     - |   282M |   0 |  14k|  20k|  21k|1112 |  8 |   0 |   0 | 6.126059e+07 | 1.041656e+07 | 488.11%| unknown
 12.0s|     1 |     0 | 30610 |     - |   286M |   0 |  14k|  20k|  21k|1254 |  9 |   0 |   0 | 6.126050e+07 | 1.041656e+07 | 488.11%| unknown
 13.0s|     1 |     0 | 32070 |     - |   292M |   0 |  14k|  20k|  22k|1419 | 10 |   0 |   0 | 6.126033e+07 | 1.041656e+07 | 488.11%| unknown
 14.0s|     1 |     0 | 33062 |     - |   294M |   0 |  14k|  20k|  22k|1570 | 11 |   0 |   0 | 6.126028e+07 | 1.041656e+07 | 488.10%| unknown
L23.0s|     1 |     0 | 54061 |     - |    rens|   0 |  14k|  20k|  22k|1570 | 11 |   0 |   0 | 6.126028e+07 | 6.109759e+07 |   0.27%| unknown

SCIP Status        : solving was interrupted [gap limit reached]
Solving Time (sec) : 23.00
Solving Nodes      : 1
Primal Bound       : +6.10975884904185e+07 (2 solutions)
Dual Bound         : +6.12602840370937e+07
Gap                : 0.27 %
